---
http_interactions:
- request:
    method: post
    uri: https://staging-api.floodgate.io/api/apps/9d2852cff163507330242460c0ca5eec/ip_addresses
    body:
      encoding: US-ASCII
      string: ip_address%5Bip_address%5D=1.1.1.1&api_token=f28b5848e158f96e96168aa37f0002f2
    headers:
      User-Agent:
      - FloodgateAgent
      Accept:
      - application/vnd.floodgate-v1+json
      Content-Type:
      - application/x-www-form-urlencoded
  response:
    status:
      code: 201
      message: 
    headers:
      cache-control:
      - max-age=0, private, must-revalidate
      content-type:
      - application/json
      date:
      - Mon, 03 Mar 2014 22:38:35 GMT
      etag:
      - "\"bbc66f5c6fff2775354263608d971d3a\""
      server:
      - WEBrick/1.3.1 (Ruby/2.1.0/2013-12-25)
      x-request-id:
      - 5cf997ca-011f-422d-9c3a-f0d4a404cf03
      x-runtime:
      - '0.015751'
      content-length:
      - '24'
      connection:
      - Close
    body:
      encoding: UTF-8
      string: "{\"ip_address\":\"1.1.1.1\"}"
    http_version: 
  recorded_at: Mon, 03 Mar 2014 22:38:28 GMT
- request:
    method: get
    uri: https://staging-api.floodgate.io/api/apps/9d2852cff163507330242460c0ca5eec/status?api_token=f28b5848e158f96e96168aa37f0002f2
    body:
      encoding: US-ASCII
      string: ''
    headers:
      User-Agent:
      - FloodgateAgent
      Accept:
      - application/vnd.floodgate-v1+json
  response:
    status:
      code: 200
      message: 
    headers:
      cache-control:
      - max-age=0, private, must-revalidate
      content-type:
      - application/json
      date:
      - Mon, 03 Mar 2014 22:38:36 GMT
      etag:
      - "\"56afa4fe0c249466945b8b5763f2a93a\""
      server:
      - WEBrick/1.3.1 (Ruby/2.1.0/2013-12-25)
      x-request-id:
      - d64c29ac-7a0a-41fc-a90b-7fc3f9af35d3
      x-runtime:
      - '0.006749'
      content-length:
      - '136'
      connection:
      - Close
    body:
      encoding: UTF-8
      string: "{\"allowed_ip_addresses\":[\"9.109.14.25\",\"164.249.198.56\",\"1.1.1.1\"],\"filter_traffic\":false,\"name\":\"mutable-test-app\",\"redirect_url\":null}"
    http_version: 
  recorded_at: Mon, 03 Mar 2014 22:38:29 GMT
- request:
    method: delete
    uri: https://staging-api.floodgate.io/api/apps/9d2852cff163507330242460c0ca5eec/ip_addresses
    body:
      encoding: US-ASCII
      string: ip_address%5Bip_address%5D=1.1.1.1&api_token=f28b5848e158f96e96168aa37f0002f2
    headers:
      User-Agent:
      - FloodgateAgent
      Accept:
      - application/vnd.floodgate-v1+json
      Content-Type:
      - application/x-www-form-urlencoded
  response:
    status:
      code: 200
      message: 
    headers:
      cache-control:
      - max-age=0, private, must-revalidate
      content-type:
      - application/json
      date:
      - Mon, 03 Mar 2014 22:38:36 GMT
      etag:
      - "\"23e8cc0c8abfb81d69429dfc9203ea60\""
      server:
      - WEBrick/1.3.1 (Ruby/2.1.0/2013-12-25)
      x-request-id:
      - 6f017294-daae-4f9f-93c1-6f5db0c7967b
      x-runtime:
      - '0.013301'
      content-length:
      - '43'
      connection:
      - Close
    body:
      encoding: UTF-8
      string: "{\"ip_addresses\":[{\"ip_address\":\"1.1.1.1\"}]}"
    http_version: 
  recorded_at: Mon, 03 Mar 2014 22:38:29 GMT
recorded_with: VCR 2.8.0
