---
http_interactions:
- request:
    method: put
    uri: https://staging-api.floodgate.io/apps/9d2852cff163507330242460c0ca5eec
    body:
      encoding: US-ASCII
      string: app%5Bredirect_url%5D=http%3A%2F%2Fexample.com&api_token=f28b5848e158f96e96168aa37f0002f2
    headers:
      User-Agent:
      - FloodgateAgent
      Accept:
      - application/vnd.floodgate-v1+json
      Content-Type:
      - application/x-www-form-urlencoded
  response:
    status:
      code: 200
      message: 
    headers:
      cache-control:
      - max-age=0, private, must-revalidate
      content-type:
      - application/json
      date:
      - Wed, 05 Mar 2014 18:57:37 GMT
      etag:
      - "\"c0ed728ee82a560c475fa26bbca8d175\""
      server:
      - WEBrick/1.3.1 (Ruby/2.1.0/2013-12-25)
      x-request-id:
      - 16bfc4a2-d90b-4e7d-97da-09aa890ed33c
      x-runtime:
      - '0.041185'
      content-length:
      - '198'
      connection:
      - Close
    body:
      encoding: UTF-8
      string: "{\"allowed_ip_addresses\":[\"9.109.14.25\",\"164.249.198.56\"],\"app_id\":\"9d2852cff163507330242460c0ca5eec\",\"errors\":{},\"filter_traffic\":false,\"name\":\"mutable-test-app\",\"redirect_url\":\"http://example.com\"}"
    http_version: 
  recorded_at: Wed, 05 Mar 2014 18:57:37 GMT
- request:
    method: get
    uri: https://staging-api.floodgate.io/apps/9d2852cff163507330242460c0ca5eec/status?api_token=f28b5848e158f96e96168aa37f0002f2
    body:
      encoding: US-ASCII
      string: ''
    headers:
      User-Agent:
      - FloodgateAgent
      Accept:
      - application/vnd.floodgate-v1+json
  response:
    status:
      code: 200
      message: 
    headers:
      cache-control:
      - max-age=0, private, must-revalidate
      content-type:
      - application/json
      date:
      - Wed, 05 Mar 2014 18:57:37 GMT
      etag:
      - "\"c0ed728ee82a560c475fa26bbca8d175\""
      server:
      - WEBrick/1.3.1 (Ruby/2.1.0/2013-12-25)
      x-request-id:
      - d06c1459-3031-4439-b986-9751a6f3b19b
      x-runtime:
      - '0.015298'
      content-length:
      - '198'
      connection:
      - Close
    body:
      encoding: UTF-8
      string: "{\"allowed_ip_addresses\":[\"9.109.14.25\",\"164.249.198.56\"],\"app_id\":\"9d2852cff163507330242460c0ca5eec\",\"errors\":{},\"filter_traffic\":false,\"name\":\"mutable-test-app\",\"redirect_url\":\"http://example.com\"}"
    http_version: 
  recorded_at: Wed, 05 Mar 2014 18:57:37 GMT
- request:
    method: put
    uri: https://staging-api.floodgate.io/apps/9d2852cff163507330242460c0ca5eec
    body:
      encoding: US-ASCII
      string: app%5Bredirect_url%5D&api_token=f28b5848e158f96e96168aa37f0002f2
    headers:
      User-Agent:
      - FloodgateAgent
      Accept:
      - application/vnd.floodgate-v1+json
      Content-Type:
      - application/x-www-form-urlencoded
  response:
    status:
      code: 200
      message: 
    headers:
      cache-control:
      - max-age=0, private, must-revalidate
      content-type:
      - application/json
      date:
      - Wed, 05 Mar 2014 18:57:37 GMT
      etag:
      - "\"0486e521692e19559826ecf51f5bbd50\""
      server:
      - WEBrick/1.3.1 (Ruby/2.1.0/2013-12-25)
      x-request-id:
      - f302fe9b-f761-458f-9b7a-c766d7a01166
      x-runtime:
      - '0.020743'
      content-length:
      - '182'
      connection:
      - Close
    body:
      encoding: UTF-8
      string: "{\"allowed_ip_addresses\":[\"9.109.14.25\",\"164.249.198.56\"],\"app_id\":\"9d2852cff163507330242460c0ca5eec\",\"errors\":{},\"filter_traffic\":false,\"name\":\"mutable-test-app\",\"redirect_url\":null}"
    http_version: 
  recorded_at: Wed, 05 Mar 2014 18:57:37 GMT
- request:
    method: get
    uri: https://staging-api.floodgate.io/apps/9d2852cff163507330242460c0ca5eec/status?api_token=f28b5848e158f96e96168aa37f0002f2
    body:
      encoding: US-ASCII
      string: ''
    headers:
      User-Agent:
      - FloodgateAgent
      Accept:
      - application/vnd.floodgate-v1+json
  response:
    status:
      code: 200
      message: 
    headers:
      cache-control:
      - max-age=0, private, must-revalidate
      content-type:
      - application/json
      date:
      - Wed, 05 Mar 2014 18:57:38 GMT
      etag:
      - "\"0486e521692e19559826ecf51f5bbd50\""
      server:
      - WEBrick/1.3.1 (Ruby/2.1.0/2013-12-25)
      x-request-id:
      - 31b02379-a702-4eda-b741-ae0ad3239200
      x-runtime:
      - '0.012278'
      content-length:
      - '182'
      connection:
      - Close
    body:
      encoding: UTF-8
      string: "{\"allowed_ip_addresses\":[\"9.109.14.25\",\"164.249.198.56\"],\"app_id\":\"9d2852cff163507330242460c0ca5eec\",\"errors\":{},\"filter_traffic\":false,\"name\":\"mutable-test-app\",\"redirect_url\":null}"
    http_version: 
  recorded_at: Wed, 05 Mar 2014 18:57:38 GMT
recorded_with: VCR 2.8.0
